#./src/main/resources/Entities.map
#Tue Apr 02 16:30:26 CEST 2019
application1=229
socialProfile14=172
miscellaneousData4=198
socialProfile13=169
miscellaneousData3=197
socialProfile12=166
miscellaneousData2=190
socialProfile11=165
miscellaneousData1=189
socialProfile10=183
finder4=174
finder3=171
finder2=168
finder1=164
personalData5=202
personalData4=208
personalData3=204
personalData2=194
personalData1=186
userAccount10=156
socialProfile9=182
socialProfile8=180
socialProfile7=179
socialProfile6=177
socialProfile5=176
socialProfile4=162
socialProfile3=161
socialProfile2=159
socialProfile1=158
problem9=225
position8=216
problem8=224
position7=215
problem7=223
position6=214
problem6=222
position5=213
problem5=221
position4=212
problem4=220
position3=211
problem3=219
position2=210
curriculum5=201
problem2=218
position1=209
curriculum4=207
problem1=217
curriculum3=203
company4=184
curriculum2=193
company3=181
curriculum1=185
company2=178
company1=175
positionData5=206
positionData4=200
positionData3=199
positionData2=192
positionData1=191
educationData5=205
educationData4=196
educationData3=195
educationData2=188
educationData1=187
admin2=160
admin1=157
hacker4=173
hacker3=170
hacker2=167
hacker1=163
problem12=228
problem11=227
problem10=226
userAccount9=155
userAccount8=154
userAccount7=153
userAccount6=152
userAccount5=151
userAccount4=150
userAccount3=149
userAccount2=148
userAccount1=147
